// Jest Snapshot v1, https://goo.gl/fbAQLP

exports[`testing CollegeSection should render 1`] = `
<div
  className="college-section"
>
  <div
    className="container"
    data-aos="fade-up"
  >
    <div
      className="row home__hero-row"
      style={
        Object {
          "display": "flex",
          "flexDirection": "row",
        }
      }
    >
      <div
        className="col"
      >
        <div
          className="text-wrapper"
        >
          <div
            className="top-line"
          >
            For Prague College Students
            <img
              alt="pc logo"
              className="prague-college-logo"
              src="images/Home/PC.png"
            />
          </div>
          <h1
            className="heading"
          >
            Find the best food places near the Prague College
          </h1>
          <p
            className="description"
          >
            We would like to help Prague College students to find restaurants for their lunch-breaks as soon as possible. Click on Get Started and find a suitable restaurant based on your own preferences.
          </p>
          <a
            href="/restaurants"
            onClick={[Function]}
          >
            <button
              className="btn btn--search btn--large"
            >
              Get Started
            </button>
          </a>
        </div>
      </div>
      <div
        className="col"
      >
        <div
          className="img-wrapper"
        >
          <img
            alt="Student"
            className="student-img"
            src="images/Home/lnch.jpg"
          />
        </div>
      </div>
    </div>
  </div>
</div>
`;
